Questionable use of curly braces in "binimage = {grayimg} < 128"
    Error: undefined symbol in: "[grayimg]"
Questionable use of curly braces in "vg = {ka} "
    Error: undefined symbol in: "[ka]"
Questionable use of curly braces in "temp = {vg} + matrix"
    Error: undefined symbol in: "[vg]"
Questionable use of curly braces in "colormap({jet})"
    Error: undefined symbol in: "[jet]"
Questionable use of curly braces in "obstacles{count} = [x/resolucao, y/resolucao, robotradius]"
    Error: undefined symbol in: "[count]"
Questionable use of curly braces in "count = {count} + 1"
    Error: undefined symbol in: "[count]"
Questionable use of curly braces in "count = {count} - 1"
    Error: undefined symbol in: "[count]"
Questionable use of curly braces in "plot(endloc(1), endloc(2), {bo})"
    Error: undefined symbol in: "[bo]"
Questionable use of curly braces in "plot(startloc(1), startloc(2), {bx})"
    Error: undefined symbol in: "[bx]"
Questionable use of curly braces in "plot(obstacles{i}(1), obstacles{i}(2), {ro})"
    Error: undefined symbol in: "[i]"
Questionable use of curly braces in "plot(obstacles(i)(1), obstacles{i}(2), {ro})"
    Error: undefined symbol in: "[i]"
Questionable use of curly braces in "plot(obstacles(i)(1), obstacles(i)(2), {ro})"
    Error: undefined symbol in: "[ro]"
Questionable use of curly braces in "current{1} = {startloc}"
    Error: undefined symbol in: "[startloc]"
Questionable use of curly braces in "robotobstacledistance = sqrt((current{cntpose}(1)-obstacles{m}(1))^2 + ..."
    Error: undefined symbol in: "[cntpose]"
Questionable use of curly braces in "robotobstacledistance = sqrt((current(cntpose)(1)-obstacles{m}(1))^2 + ..."
    Error: undefined symbol in: "[m]"
Questionable use of curly braces in "(current{cntpose}(2)-obstacles{m}(2))^2) - obstacles{m}(3)"
    Error: undefined symbol in: "[cntpose]"
Questionable use of curly braces in "(current(cntpose)(2)-obstacles{m}(2))^2) - obstacles{m}(3)"
    Error: undefined symbol in: "[m]"
Questionable use of curly braces in "(current(cntpose)(2)-obstacles(m)(2))^2) - obstacles{m}(3)"
    Error: undefined symbol in: "[m]"
Questionable use of curly braces in "if robotobstacledistance <= {do}"
    Error: undefined symbol in: "[do]"
Questionable use of curly braces in "gradx = {gradx} + kr * (current{cntpose}(1)-obstacles{m}(1))"
    Error: undefined symbol in: "[gradx]"
Questionable use of curly braces in "gradx = (gradx) + kr * (current{cntpose}(1)-obstacles{m}(1))"
    Error: undefined symbol in: "[cntpose]"
Questionable use of curly braces in "gradx = (gradx) + kr * (current(cntpose)(1)-obstacles{m}(1))"
    Error: undefined symbol in: "[m]"
Questionable use of curly braces in "grady = {grady} + kr * (current{cntpose}(2)-obstacles{m}(2))"
    Error: undefined symbol in: "[grady]"
Questionable use of curly braces in "grady = (grady) + kr * (current{cntpose}(2)-obstacles{m}(2))"
    Error: undefined symbol in: "[cntpose]"
Questionable use of curly braces in "grady = (grady) + kr * (current(cntpose)(2)-obstacles{m}(2))"
    Error: undefined symbol in: "[m]"
Questionable use of curly braces in "dist = sqrt((endloc(1)-current{cntpose}(1))^2 + (endloc(2)-current{cntpose}(2))^2)"
    Error: undefined symbol in: "[cntpose]"
Questionable use of curly braces in "dist = sqrt((endloc(1)-current(cntpose)(1))^2 + (endloc(2)-current{cntpose}(2))^2)"
    Error: undefined symbol in: "[cntpose]"
Questionable use of curly braces in "derivx = {ka} "
    Error: undefined symbol in: "[ka]"
Questionable use of curly braces in "derivy = {ka} "
    Error: undefined symbol in: "[ka]"
Questionable use of curly braces in "current{cntpose+1}(1) = current{cntpose}(1) + (derivx + gradx)"
    Error: undefined symbol in: "[cntpose]+1"
Questionable use of curly braces in "current(cntpose+1)(1) = current{cntpose}(1) + (derivx + gradx)"
    Error: undefined symbol in: "[cntpose]"
Questionable use of curly braces in "current{cntpose+1}(2) = current{cntpose}(2) + (derivy + grady)"
    Error: undefined symbol in: "[cntpose]+1"
Questionable use of curly braces in "current(cntpose+1)(2) = current{cntpose}(2) + (derivy + grady)"
    Error: undefined symbol in: "[cntpose]"
Questionable use of curly braces in "plot(current{cntpose}(1), current{cntpose}(2), {go})"
    Error: undefined symbol in: "[cntpose]"
Questionable use of curly braces in "plot(current(cntpose)(1), current{cntpose}(2), {go})"
    Error: undefined symbol in: "[cntpose]"
Questionable use of curly braces in "plot(current(cntpose)(1), current(cntpose)(2), {go})"
    Error: undefined symbol in: "[go]"
Questionable use of curly braces in "cntpose = {cntpose} + 1"
    Error: undefined symbol in: "[cntpose]"
Questionable use of curly braces in "img = imread({mapa.png})"
    Error: undefined symbol in: "[mapa.png]"
Questionable use of curly braces in "imwrite(uint8(~bw)*255, {mapa_novo.pgm}, {pgm})"
    Error: undefined symbol in: "[mapa_novo.pgm]"
Questionable use of curly braces in "imwrite(uint8(~bw)*255, (mapa_novo.pgm), {pgm})"
    Error: undefined symbol in: "[pgm]"
Questionable use of curly braces in "fid = fopen({mapa_novo.yaml},{w})"
    Error: undefined symbol in: "[mapa_novo.yaml]"
Questionable use of curly braces in "fid = fopen((mapa_novo.yaml),{w})"
    Error: undefined symbol in: "[w]"
Fatal Error: Mutual Inductance card missing coupled inductor: ka = 15
